     1                                  bits 32 ; assembling for the 32 bits architecture
     2                                  
     3                                  ; declare the EntryPoint (a label defining the very first instruction of the program)
     4                                  global start        
     5                                  
     6                                  ; declare external functions needed by our program
     7                                  extern exit               ; tell nasm that exit exists even if we won't be defining it
     8                                  import exit msvcrt.dll    ; exit is a function that ends the calling process. It is defined in msvcrt.dll
     9                                                            ; msvcrt.dll contains exit, printf and all the other important C-runtime specific functions
    10                                  
    11                                  ; our data is declared here (the variables needed by our program)
    12                                  segment data use32 class=data
    13                                      ; ...
    14 00000000 03                          a db 3
    15 00000001 02000000                    b dd 2
    16 00000005 0400000000000000            c dq 4
    17                                  
    18                                  ; our code starts here
    19                                  segment code use32 class=code
    20                                      start:
    21                                          ; c+(a*a-b+7)/(2+a), a-byte; b-doubleword; c-qword
    22 00000000 A0[00000000]                    mov al, [a]
    23 00000005 F625[00000000]                  mul byte [a]
    24 0000000B 6689C1                          mov cx, ax
    25 0000000E B800000000                      mov eax, 0
    26 00000013 6689C8                          mov ax, cx
    27 00000016 2B05[01000000]                  sub eax, [b]
    28 0000001C 83C007                          add eax, 7 ;eax=(a*a-b+7)
    29 0000001F 8A1D[00000000]                  mov bl, [a] 
    30 00000025 80C302                          add bl, 2
    31 00000028 B700                            mov bh, 0
    32                                          ; exit(0)
    33 0000002A 6A00                            push    dword 0      ; push the parameter for exit onto the stack
    34 0000002C FF15[00000000]                  call    [exit]       ; call exit to terminate the program
